// Jest Snapshot v1, https://goo.gl/fbAQLP

exports[`Hotel List Filter Compnonet should render expense list filter form correctly 1`] = `
ShallowWrapper {
  Symbol(enzyme.__root__): [Circular],
  Symbol(enzyme.__unrendered__): <HotelListFilters
    filters={
      Object {
        "name": "",
      }
    }
    setTextFilter={[MockFunction]}
  />,
  Symbol(enzyme.__renderer__): Object {
    "batchedUpdates": [Function],
    "getNode": [Function],
    "render": [Function],
    "simulateError": [Function],
    "simulateEvent": [Function],
    "unmount": [Function],
  },
  Symbol(enzyme.__node__): Object {
    "instance": null,
    "key": undefined,
    "nodeType": "host",
    "props": Object {
      "children": Array [
        <input
          className="input-box"
          onChange={[Function]}
          placeholder="Hotel Name"
          type="text"
        />,
        <select
          className="select"
          onChange={[Function]}
        >
          <option
            value=""
          >
            Any
          </option>
          <option
            value="Asc"
          >
            Asc
          </option>
          <option
            value="Desc"
          >
            Desc
          </option>
        </select>,
      ],
    },
    "ref": null,
    "rendered": Array [
      Object {
        "instance": null,
        "key": undefined,
        "nodeType": "host",
        "props": Object {
          "className": "input-box",
          "onChange": [Function],
          "placeholder": "Hotel Name",
          "type": "text",
          "value": undefined,
        },
        "ref": null,
        "rendered": null,
        "type": "input",
      },
      Object {
        "instance": null,
        "key": undefined,
        "nodeType": "host",
        "props": Object {
          "children": Array [
            <option
              value=""
            >
              Any
            </option>,
            <option
              value="Asc"
            >
              Asc
            </option>,
            <option
              value="Desc"
            >
              Desc
            </option>,
          ],
          "className": "select",
          "onChange": [Function],
          "value": undefined,
        },
        "ref": null,
        "rendered": Array [
          Object {
            "instance": null,
            "key": undefined,
            "nodeType": "host",
            "props": Object {
              "children": "Any",
              "value": "",
            },
            "ref": null,
            "rendered": "Any",
            "type": "option",
          },
          Object {
            "instance": null,
            "key": undefined,
            "nodeType": "host",
            "props": Object {
              "children": "Asc",
              "value": "Asc",
            },
            "ref": null,
            "rendered": "Asc",
            "type": "option",
          },
          Object {
            "instance": null,
            "key": undefined,
            "nodeType": "host",
            "props": Object {
              "children": "Desc",
              "value": "Desc",
            },
            "ref": null,
            "rendered": "Desc",
            "type": "option",
          },
        ],
        "type": "select",
      },
    ],
    "type": "div",
  },
  Symbol(enzyme.__nodes__): Array [
    Object {
      "instance": null,
      "key": undefined,
      "nodeType": "host",
      "props": Object {
        "children": Array [
          <input
            className="input-box"
            onChange={[Function]}
            placeholder="Hotel Name"
            type="text"
          />,
          <select
            className="select"
            onChange={[Function]}
          >
            <option
              value=""
            >
              Any
            </option>
            <option
              value="Asc"
            >
              Asc
            </option>
            <option
              value="Desc"
            >
              Desc
            </option>
          </select>,
        ],
      },
      "ref": null,
      "rendered": Array [
        Object {
          "instance": null,
          "key": undefined,
          "nodeType": "host",
          "props": Object {
            "className": "input-box",
            "onChange": [Function],
            "placeholder": "Hotel Name",
            "type": "text",
            "value": undefined,
          },
          "ref": null,
          "rendered": null,
          "type": "input",
        },
        Object {
          "instance": null,
          "key": undefined,
          "nodeType": "host",
          "props": Object {
            "children": Array [
              <option
                value=""
              >
                Any
              </option>,
              <option
                value="Asc"
              >
                Asc
              </option>,
              <option
                value="Desc"
              >
                Desc
              </option>,
            ],
            "className": "select",
            "onChange": [Function],
            "value": undefined,
          },
          "ref": null,
          "rendered": Array [
            Object {
              "instance": null,
              "key": undefined,
              "nodeType": "host",
              "props": Object {
                "children": "Any",
                "value": "",
              },
              "ref": null,
              "rendered": "Any",
              "type": "option",
            },
            Object {
              "instance": null,
              "key": undefined,
              "nodeType": "host",
              "props": Object {
                "children": "Asc",
                "value": "Asc",
              },
              "ref": null,
              "rendered": "Asc",
              "type": "option",
            },
            Object {
              "instance": null,
              "key": undefined,
              "nodeType": "host",
              "props": Object {
                "children": "Desc",
                "value": "Desc",
              },
              "ref": null,
              "rendered": "Desc",
              "type": "option",
            },
          ],
          "type": "select",
        },
      ],
      "type": "div",
    },
  ],
  Symbol(enzyme.__options__): Object {
    "adapter": ReactSixteenAdapter {
      "options": Object {
        "enableComponentDidUpdateOnSetState": true,
        "lifecycles": Object {
          "componentDidUpdate": Object {
            "onSetState": true,
          },
          "getDerivedStateFromProps": true,
          "getSnapshotBeforeUpdate": true,
          "setState": Object {
            "skipsComponentDidUpdateOnNullish": true,
          },
        },
      },
    },
  },
}
`;
