// Jest Snapshot v1, https://goo.gl/fbAQLP

exports[`Hotel List Item Compnent should render hotel list item 1`] = `
ShallowWrapper {
  Symbol(enzyme.__root__): [Circular],
  Symbol(enzyme.__unrendered__): <HotelListItem
    facilities={
      Array [
        "car park",
        "pool",
      ]
    }
    name="hotelone"
    starRating={5}
  />,
  Symbol(enzyme.__renderer__): Object {
    "batchedUpdates": [Function],
    "getNode": [Function],
    "render": [Function],
    "simulateError": [Function],
    "simulateEvent": [Function],
    "unmount": [Function],
  },
  Symbol(enzyme.__node__): Object {
    "instance": null,
    "key": undefined,
    "nodeType": "host",
    "props": Object {
      "children": Array [
        <h3>
          Hotel Name: 
          hotelone
        </h3>,
        <div>
          Star Rating: 
          5
        </div>,
        <div>
          Facilities Include: 
          car park,pool
        </div>,
      ],
      "className": "hotel-box",
    },
    "ref": null,
    "rendered": Array [
      Object {
        "instance": null,
        "key": undefined,
        "nodeType": "host",
        "props": Object {
          "children": Array [
            "Hotel Name: ",
            "hotelone",
          ],
        },
        "ref": null,
        "rendered": Array [
          "Hotel Name: ",
          "hotelone",
        ],
        "type": "h3",
      },
      Object {
        "instance": null,
        "key": undefined,
        "nodeType": "host",
        "props": Object {
          "children": Array [
            "Star Rating: ",
            5,
          ],
        },
        "ref": null,
        "rendered": Array [
          "Star Rating: ",
          5,
        ],
        "type": "div",
      },
      Object {
        "instance": null,
        "key": undefined,
        "nodeType": "host",
        "props": Object {
          "children": Array [
            "Facilities Include: ",
            "car park,pool",
          ],
        },
        "ref": null,
        "rendered": Array [
          "Facilities Include: ",
          "car park,pool",
        ],
        "type": "div",
      },
    ],
    "type": "div",
  },
  Symbol(enzyme.__nodes__): Array [
    Object {
      "instance": null,
      "key": undefined,
      "nodeType": "host",
      "props": Object {
        "children": Array [
          <h3>
            Hotel Name: 
            hotelone
          </h3>,
          <div>
            Star Rating: 
            5
          </div>,
          <div>
            Facilities Include: 
            car park,pool
          </div>,
        ],
        "className": "hotel-box",
      },
      "ref": null,
      "rendered": Array [
        Object {
          "instance": null,
          "key": undefined,
          "nodeType": "host",
          "props": Object {
            "children": Array [
              "Hotel Name: ",
              "hotelone",
            ],
          },
          "ref": null,
          "rendered": Array [
            "Hotel Name: ",
            "hotelone",
          ],
          "type": "h3",
        },
        Object {
          "instance": null,
          "key": undefined,
          "nodeType": "host",
          "props": Object {
            "children": Array [
              "Star Rating: ",
              5,
            ],
          },
          "ref": null,
          "rendered": Array [
            "Star Rating: ",
            5,
          ],
          "type": "div",
        },
        Object {
          "instance": null,
          "key": undefined,
          "nodeType": "host",
          "props": Object {
            "children": Array [
              "Facilities Include: ",
              "car park,pool",
            ],
          },
          "ref": null,
          "rendered": Array [
            "Facilities Include: ",
            "car park,pool",
          ],
          "type": "div",
        },
      ],
      "type": "div",
    },
  ],
  Symbol(enzyme.__options__): Object {
    "adapter": ReactSixteenAdapter {
      "options": Object {
        "enableComponentDidUpdateOnSetState": true,
        "lifecycles": Object {
          "componentDidUpdate": Object {
            "onSetState": true,
          },
          "getDerivedStateFromProps": true,
          "getSnapshotBeforeUpdate": true,
          "setState": Object {
            "skipsComponentDidUpdateOnNullish": true,
          },
        },
      },
    },
  },
}
`;
