// Jest Snapshot v1, https://goo.gl/fbAQLP

exports[`Hotel List Component should render correctly 1`] = `
ShallowWrapper {
  Symbol(enzyme.__root__): [Circular],
  Symbol(enzyme.__unrendered__): <HotelList
    hotels={
      Array [
        Object {
          "facilities": Array [
            "car park",
            "pool",
          ],
          "name": "hotelone",
          "starRating": 5,
        },
        Object {
          "facilities": Array [
            "car park",
            "gym",
          ],
          "name": "hoteltwo",
          "starRating": 3,
        },
        Object {
          "facilities": Array [],
          "name": "hotelthree",
          "starRating": 3,
        },
      ]
    }
  />,
  Symbol(enzyme.__renderer__): Object {
    "batchedUpdates": [Function],
    "getNode": [Function],
    "render": [Function],
    "simulateError": [Function],
    "simulateEvent": [Function],
    "unmount": [Function],
  },
  Symbol(enzyme.__node__): Object {
    "instance": null,
    "key": undefined,
    "nodeType": "host",
    "props": Object {
      "children": Array [
        <HotelListItem
          facilities={
            Array [
              "car park",
              "pool",
            ]
          }
          name="hotelone"
          starRating={5}
        />,
        <HotelListItem
          facilities={
            Array [
              "car park",
              "gym",
            ]
          }
          name="hoteltwo"
          starRating={3}
        />,
        <HotelListItem
          facilities={Array []}
          name="hotelthree"
          starRating={3}
        />,
      ],
    },
    "ref": null,
    "rendered": Array [
      Object {
        "instance": null,
        "key": "hotelone",
        "nodeType": "function",
        "props": Object {
          "facilities": Array [
            "car park",
            "pool",
          ],
          "name": "hotelone",
          "starRating": 5,
        },
        "ref": null,
        "rendered": null,
        "type": [Function],
      },
      Object {
        "instance": null,
        "key": "hoteltwo",
        "nodeType": "function",
        "props": Object {
          "facilities": Array [
            "car park",
            "gym",
          ],
          "name": "hoteltwo",
          "starRating": 3,
        },
        "ref": null,
        "rendered": null,
        "type": [Function],
      },
      Object {
        "instance": null,
        "key": "hotelthree",
        "nodeType": "function",
        "props": Object {
          "facilities": Array [],
          "name": "hotelthree",
          "starRating": 3,
        },
        "ref": null,
        "rendered": null,
        "type": [Function],
      },
    ],
    "type": "div",
  },
  Symbol(enzyme.__nodes__): Array [
    Object {
      "instance": null,
      "key": undefined,
      "nodeType": "host",
      "props": Object {
        "children": Array [
          <HotelListItem
            facilities={
              Array [
                "car park",
                "pool",
              ]
            }
            name="hotelone"
            starRating={5}
          />,
          <HotelListItem
            facilities={
              Array [
                "car park",
                "gym",
              ]
            }
            name="hoteltwo"
            starRating={3}
          />,
          <HotelListItem
            facilities={Array []}
            name="hotelthree"
            starRating={3}
          />,
        ],
      },
      "ref": null,
      "rendered": Array [
        Object {
          "instance": null,
          "key": "hotelone",
          "nodeType": "function",
          "props": Object {
            "facilities": Array [
              "car park",
              "pool",
            ],
            "name": "hotelone",
            "starRating": 5,
          },
          "ref": null,
          "rendered": null,
          "type": [Function],
        },
        Object {
          "instance": null,
          "key": "hoteltwo",
          "nodeType": "function",
          "props": Object {
            "facilities": Array [
              "car park",
              "gym",
            ],
            "name": "hoteltwo",
            "starRating": 3,
          },
          "ref": null,
          "rendered": null,
          "type": [Function],
        },
        Object {
          "instance": null,
          "key": "hotelthree",
          "nodeType": "function",
          "props": Object {
            "facilities": Array [],
            "name": "hotelthree",
            "starRating": 3,
          },
          "ref": null,
          "rendered": null,
          "type": [Function],
        },
      ],
      "type": "div",
    },
  ],
  Symbol(enzyme.__options__): Object {
    "adapter": ReactSixteenAdapter {
      "options": Object {
        "enableComponentDidUpdateOnSetState": true,
        "lifecycles": Object {
          "componentDidUpdate": Object {
            "onSetState": true,
          },
          "getDerivedStateFromProps": true,
          "getSnapshotBeforeUpdate": true,
          "setState": Object {
            "skipsComponentDidUpdateOnNullish": true,
          },
        },
      },
    },
  },
}
`;
